<!doctype html>
<html>
	<head>
		<title>foo</title>
	</head>
	<body>
		
			<link rel="stylesheet" type="text/css" href="/jasmine/lib/jasmine-core/jasmine.css">
		

		
			<script type="text/javascript" src="/jasmine/lib/jasmine-core/jasmine.js"></script>
		
			<script type="text/javascript" src="/jasmine/lib/jasmine-core/jasmine-html.js"></script>
		
			<script type="text/javascript" src="/test/fixtures/selfContained/src/Player.js"></script>
		
			<script type="text/javascript" src="/test/fixtures/selfContained/src/Song.js"></script>
		
			<script type="text/javascript" src="/tasks/jasmine/phantom-helper.js"></script>
		
			<script type="text/javascript" src="/tasks/jasmine/jasmine-helper.js"></script>
		
			<script type="text/javascript" src="/tasks/jasmine/jasmine-executor.js"></script>
		
			<script type="text/javascript" src="/test/fixtures/selfContained/spec/SpecHelper.js"></script>
		
			<script type="text/javascript" src="/tasks/jasmine/reporters/ConsoleReporter.js"></script>
		
			<script type="text/javascript" src="/tasks/jasmine/reporters/JUnitReporter.js"></script>
		
			<script type="text/javascript" src="/test/fixtures/selfContained/spec/PlayerSpec.js"></script>
		
	</body>
</html>