<!DOCTYPE HTML PUBLIC "-//W3C//DTD HTML 4.01 Transitional//EN"
        "http://www.w3.org/TR/html4/loose.dtd">
<html>
<head>
    <title>Jasmine Spec Runner</title>

    
        <link rel="stylesheet" type="text/css" href="/jasmine/lib/jasmine-core/jasmine.css">
    

    
        <script type="text/javascript" src="/jasmine/lib/jasmine-core/jasmine.js"></script>
    
        <script type="text/javascript" src="/jasmine/lib/jasmine-core/jasmine-html.js"></script>
    
        <script type="text/javascript" src="/tasks/jasmine/phantom-helper.js"></script>
    
        <script type="text/javascript" src="/tasks/jasmine/jasmine-helper.js"></script>
    
        <script type="text/javascript" src="/tasks/jasmine/reporters/ConsoleReporter.js"></script>
    
        <script type="text/javascript" src="/tasks/jasmine/reporters/JUnitReporter.js"></script>
    
        <script type="text/javascript" src="/test/fixtures/selfContained/amd/lib/require.js"></script>
    
        <script type="text/javascript" src="/test/fixtures/selfContained/amd/src/requireMain.js"></script>
    
        <script type="text/javascript" src="/test/fixtures/selfContained/amd/spec/SpecHelper.js"></script>
    
        <script type="text/javascript" src="/build/jasmine-executor.js"></script>
    
</head>
<body>
</body>
</html>
